AR int_rom behavioral C:/Users/cggauravVB/Documents/CG3207/8051-VHDL/int_rom.vhd sub00/vhpl01 1352739570
EN int_rom NULL C:/Users/cggauravVB/Documents/CG3207/8051-VHDL/int_rom.vhd sub00/vhpl00 1352739569
AR ext_interrupt behavioral C:/Users/cggauravVB/Documents/CG3207/8051-VHDL/ext_interrupt.vhd sub00/vhpl08 1352739558
EN regfile NULL C:/Users/cggauravVB/Documents/CG3207/8051-VHDL/regfile.vhd sub00/vhpl13 1352739565
EN sequencer2 NULL "C:/Users/cggauravVB/Documents/CG3207/8051-VHDL/sequencer2 .vhd" sub00/vhpl03 1352742048
PH constants NULL C:/Users/cggauravVB/Documents/CG3207/8051-VHDL/constants.vhd sub00/vhpl02 1352742047
EN divider NULL C:/Users/cggauravVB/Documents/CG3207/8051-VHDL/divider.vhd sub00/vhpl19 1352739573
AR int_handler behavioral C:/Users/cggauravVB/Documents/CG3207/8051-VHDL/int_handler.vhd sub00/vhpl06 1352739576
AR fastalu fastalu_arch C:/Users/cggauravVB/Documents/CG3207/8051-VHDL/fastalu.vhd sub00/vhpl12 1352739564
AR sequencer2 seq_arch "C:/Users/cggauravVB/Documents/CG3207/8051-VHDL/sequencer2 .vhd" sub00/vhpl04 1352742049
EN multiplier NULL C:/Users/cggauravVB/Documents/CG3207/8051-VHDL/multiplier.vhd sub00/vhpl15 1352739567
EN int_handler NULL C:/Users/cggauravVB/Documents/CG3207/8051-VHDL/int_handler.vhd sub00/vhpl05 1352739575
EN i8051_top NULL C:/Users/cggauravVB/Documents/CG3207/8051-VHDL/8051_top_fpga.vhd sub00/vhpl21 1352739577
EN internal_ram NULL C:/Users/cggauravVB/Documents/CG3207/8051-VHDL/int_ram.vhd sub00/vhpl17 1352739571
AR internal_ram syn C:/Users/cggauravVB/Documents/CG3207/8051-VHDL/int_ram.vhd sub00/vhpl18 1352739572
AR regfile regarch C:/Users/cggauravVB/Documents/CG3207/8051-VHDL/regfile.vhd sub00/vhpl14 1352739566
AR i8051_top behavioral C:/Users/cggauravVB/Documents/CG3207/8051-VHDL/8051_top_fpga.vhd sub00/vhpl22 1352739578
EN ext_interrupt NULL C:/Users/cggauravVB/Documents/CG3207/8051-VHDL/ext_interrupt.vhd sub00/vhpl07 1352739557
EN fastalu NULL C:/Users/cggauravVB/Documents/CG3207/8051-VHDL/fastalu.vhd sub00/vhpl11 1352739563
AR csadder csadderbeh C:/Users/cggauravVB/Documents/CG3207/8051-VHDL/csadder.vhd sub00/vhpl10 1352739560
AR multiplier rtl C:/Users/cggauravVB/Documents/CG3207/8051-VHDL/multiplier.vhd sub00/vhpl16 1352739568
AR divider rtl C:/Users/cggauravVB/Documents/CG3207/8051-VHDL/divider.vhd sub00/vhpl20 1352739574
EN csadder NULL C:/Users/cggauravVB/Documents/CG3207/8051-VHDL/csadder.vhd sub00/vhpl09 1352739559
