AR int_rom behavioral D:/Myproject/int_rom.vhd sub00/vhpl01 1350839934
EN int_rom NULL D:/Myproject/int_rom.vhd sub00/vhpl00 1350839933
EN sequencer2 NULL "D:/Myproject/sequencer2 .vhd" sub00/vhpl03 1351013734
PH constants NULL D:/Myproject/constants.vhd sub00/vhpl02 1351013733
AR int_handler behavioral D:/Myproject/int_handler.vhd sub00/vhpl06 1350841328
AR sequencer2 seq_arch "D:/Myproject/sequencer2 .vhd" sub00/vhpl04 1351013735
EN int_handler NULL D:/Myproject/int_handler.vhd sub00/vhpl05 1350841327
