AR int_rom behavioral C:/Users/cggauravVB/Documents/CG3207/8051-VHDL/int_rom.vhd sub00/vhpl01 1352806504
EN int_rom NULL C:/Users/cggauravVB/Documents/CG3207/8051-VHDL/int_rom.vhd sub00/vhpl00 1352806503
AR ext_interrupt behavioral C:/Users/cggauravVB/Documents/CG3207/8051-VHDL/ext_interrupt.vhd sub00/vhpl08 1352806492
EN regfile NULL C:/Users/cggauravVB/Documents/CG3207/8051-VHDL/regfile.vhd sub00/vhpl13 1352806499
EN sequencer2 NULL "C:/Users/cggauravVB/Documents/CG3207/8051-VHDL/sequencer2 .vhd" sub00/vhpl03 1352832928
PH constants NULL C:/Users/cggauravVB/Documents/CG3207/8051-VHDL/constants.vhd sub00/vhpl02 1352832927
EN divider NULL C:/Users/cggauravVB/Documents/CG3207/8051-VHDL/divider.vhd sub00/vhpl19 1352806507
AR int_handler behavioral C:/Users/cggauravVB/Documents/CG3207/8051-VHDL/int_handler.vhd sub00/vhpl06 1352806510
AR fastalu fastalu_arch C:/Users/cggauravVB/Documents/CG3207/8051-VHDL/fastalu.vhd sub00/vhpl12 1352806498
AR sequencer2 seq_arch "C:/Users/cggauravVB/Documents/CG3207/8051-VHDL/sequencer2 .vhd" sub00/vhpl04 1352832929
EN multiplier NULL C:/Users/cggauravVB/Documents/CG3207/8051-VHDL/multiplier.vhd sub00/vhpl15 1352806501
EN int_handler NULL C:/Users/cggauravVB/Documents/CG3207/8051-VHDL/int_handler.vhd sub00/vhpl05 1352806509
EN i8051_top NULL C:/Users/cggauravVB/Documents/CG3207/8051-VHDL/8051_top_fpga.vhd sub00/vhpl21 1352806511
EN internal_ram NULL C:/Users/cggauravVB/Documents/CG3207/8051-VHDL/int_ram.vhd sub00/vhpl17 1352806505
AR internal_ram syn C:/Users/cggauravVB/Documents/CG3207/8051-VHDL/int_ram.vhd sub00/vhpl18 1352806506
AR regfile regarch C:/Users/cggauravVB/Documents/CG3207/8051-VHDL/regfile.vhd sub00/vhpl14 1352806500
AR i8051_top behavioral C:/Users/cggauravVB/Documents/CG3207/8051-VHDL/8051_top_fpga.vhd sub00/vhpl22 1352806512
EN ext_interrupt NULL C:/Users/cggauravVB/Documents/CG3207/8051-VHDL/ext_interrupt.vhd sub00/vhpl07 1352806491
EN fastalu NULL C:/Users/cggauravVB/Documents/CG3207/8051-VHDL/fastalu.vhd sub00/vhpl11 1352806497
AR csadder csadderbeh C:/Users/cggauravVB/Documents/CG3207/8051-VHDL/csadder.vhd sub00/vhpl10 1352806494
AR multiplier rtl C:/Users/cggauravVB/Documents/CG3207/8051-VHDL/multiplier.vhd sub00/vhpl16 1352806502
AR divider rtl C:/Users/cggauravVB/Documents/CG3207/8051-VHDL/divider.vhd sub00/vhpl20 1352806508
EN csadder NULL C:/Users/cggauravVB/Documents/CG3207/8051-VHDL/csadder.vhd sub00/vhpl09 1352806493
