V3 49
FL C:/Users/cggauravVB/Documents/CG3207/8051-VHDL/8051_top_fpga.vhd 2012/10/31.13:42:50 O.61xd
EN work/i8051_top 1352806511 \
      FL C:/Users/cggauravVB/Documents/CG3207/8051-VHDL/8051_top_fpga.vhd \
      PB ieee/std_logic_1164 1308643377 PB ieee/std_logic_arith 1308643378 \
      PB ieee/STD_LOGIC_UNSIGNED 1308643379
AR work/i8051_top/Behavioral 1352806512 \
      FL C:/Users/cggauravVB/Documents/CG3207/8051-VHDL/8051_top_fpga.vhd \
      EN work/i8051_top 1352806511 CP sequencer2 CP fastalu CP regfile CP multiplier \
      CP int_rom CP internal_ram CP divider CP int_handler
FL C:/Users/cggauravVB/Documents/CG3207/8051-VHDL/constants.vhd 2012/10/24.02:48:51 O.61xd
PH work/constants 1352806490 \
      FL C:/Users/cggauravVB/Documents/CG3207/8051-VHDL/constants.vhd \
      PB ieee/std_logic_1164 1308643377 PB ieee/std_logic_arith 1308643378
FL C:/Users/cggauravVB/Documents/CG3207/8051-VHDL/csadder.vhd 2012/10/24.02:48:51 O.61xd
EN work/csadder 1352806493 \
      FL C:/Users/cggauravVB/Documents/CG3207/8051-VHDL/csadder.vhd \
      PB ieee/std_logic_1164 1308643377 PB ieee/STD_LOGIC_SIGNED 1308643379
AR work/csadder/csadderBeh 1352806494 \
      FL C:/Users/cggauravVB/Documents/CG3207/8051-VHDL/csadder.vhd \
      EN work/csadder 1352806493
FL C:/Users/cggauravVB/Documents/CG3207/8051-VHDL/divider.vhd 2012/10/24.02:48:51 O.61xd
EN work/divider 1352806507 \
      FL C:/Users/cggauravVB/Documents/CG3207/8051-VHDL/divider.vhd \
      PB ieee/std_logic_1164 1308643377 PB ieee/std_logic_arith 1308643378
AR work/divider/rtl 1352806508 \
      FL C:/Users/cggauravVB/Documents/CG3207/8051-VHDL/divider.vhd \
      EN work/divider 1352806507
FL C:/Users/cggauravVB/Documents/CG3207/8051-VHDL/ext_interrupt.vhd 2012/10/24.02:48:51 O.61xd
EN work/ext_interrupt 1352806491 \
      FL C:/Users/cggauravVB/Documents/CG3207/8051-VHDL/ext_interrupt.vhd \
      PB ieee/std_logic_1164 1308643377 PB ieee/std_logic_arith 1308643378 \
      PB ieee/STD_LOGIC_UNSIGNED 1308643379
AR work/ext_interrupt/Behavioral 1352806492 \
      FL C:/Users/cggauravVB/Documents/CG3207/8051-VHDL/ext_interrupt.vhd \
      EN work/ext_interrupt 1352806491
FL C:/Users/cggauravVB/Documents/CG3207/8051-VHDL/fastalu.vhd 2012/10/24.02:48:51 O.61xd
EN work/fastalu 1352806497 \
      FL C:/Users/cggauravVB/Documents/CG3207/8051-VHDL/fastalu.vhd \
      PB ieee/std_logic_1164 1308643377 PB ieee/std_logic_arith 1308643378 \
      PH work/constants 1352806490
AR work/fastalu/fastalu_arch 1352806498 \
      FL C:/Users/cggauravVB/Documents/CG3207/8051-VHDL/fastalu.vhd \
      EN work/fastalu 1352806497 CP csadder
FL C:/Users/cggauravVB/Documents/CG3207/8051-VHDL/int_handler.vhd 2012/10/24.02:48:51 O.61xd
EN work/int_handler 1352806509 \
      FL C:/Users/cggauravVB/Documents/CG3207/8051-VHDL/int_handler.vhd \
      PB ieee/std_logic_1164 1308643377 PB ieee/std_logic_arith 1308643378 \
      PB ieee/STD_LOGIC_UNSIGNED 1308643379
AR work/int_handler/Behavioral 1352806510 \
      FL C:/Users/cggauravVB/Documents/CG3207/8051-VHDL/int_handler.vhd \
      EN work/int_handler 1352806509
FL C:/Users/cggauravVB/Documents/CG3207/8051-VHDL/int_ram.vhd 2012/10/24.02:48:51 O.61xd
EN work/internal_ram 1352806505 \
      FL C:/Users/cggauravVB/Documents/CG3207/8051-VHDL/int_ram.vhd \
      PB ieee/std_logic_1164 1308643377 PB ieee/std_logic_arith 1308643378 \
      PB ieee/STD_LOGIC_UNSIGNED 1308643379 PH work/constants 1352806490
AR work/internal_ram/syn 1352806506 \
      FL C:/Users/cggauravVB/Documents/CG3207/8051-VHDL/int_ram.vhd \
      EN work/internal_ram 1352806505
FL C:/Users/cggauravVB/Documents/CG3207/8051-VHDL/int_rom.vhd 2012/11/13.02:40:01 O.61xd
EN work/int_rom 1352806503 \
      FL C:/Users/cggauravVB/Documents/CG3207/8051-VHDL/int_rom.vhd \
      PB ieee/std_logic_1164 1308643377 PB ieee/std_logic_arith 1308643378 \
      PB ieee/STD_LOGIC_UNSIGNED 1308643379
AR work/int_rom/Behavioral 1352806504 \
      FL C:/Users/cggauravVB/Documents/CG3207/8051-VHDL/int_rom.vhd \
      EN work/int_rom 1352806503
FL C:/Users/cggauravVB/Documents/CG3207/8051-VHDL/multiplier.vhd 2012/10/24.02:48:51 O.61xd
EN work/multiplier 1352806501 \
      FL C:/Users/cggauravVB/Documents/CG3207/8051-VHDL/multiplier.vhd \
      PB ieee/std_logic_1164 1308643377 PB ieee/std_logic_arith 1308643378
AR work/multiplier/rtl 1352806502 \
      FL C:/Users/cggauravVB/Documents/CG3207/8051-VHDL/multiplier.vhd \
      EN work/multiplier 1352806501
FL C:/Users/cggauravVB/Documents/CG3207/8051-VHDL/regfile.vhd 2012/10/24.02:48:51 O.61xd
EN work/regfile 1352806499 \
      FL C:/Users/cggauravVB/Documents/CG3207/8051-VHDL/regfile.vhd \
      PB ieee/std_logic_1164 1308643377 PB ieee/std_logic_arith 1308643378 \
      PB ieee/STD_LOGIC_UNSIGNED 1308643379 PH work/constants 1352806490
AR work/regfile/regarch 1352806500 \
      FL C:/Users/cggauravVB/Documents/CG3207/8051-VHDL/regfile.vhd \
      EN work/regfile 1352806499 CP ext_interrupt
FL "C:/Users/cggauravVB/Documents/CG3207/8051-VHDL/sequencer2 .vhd" 2012/11/13.19:33:58 O.61xd
EN work/sequencer2 1352806495 \
      FL "C:/Users/cggauravVB/Documents/CG3207/8051-VHDL/sequencer2 .vhd" \
      PB ieee/std_logic_1164 1308643377 PB ieee/STD_LOGIC_UNSIGNED 1308643379 \
      PH work/constants 1352806490
AR work/sequencer2/seq_arch 1352806496 \
      FL "C:/Users/cggauravVB/Documents/CG3207/8051-VHDL/sequencer2 .vhd" \
      EN work/sequencer2 1352806495
FL D:/Myproject/constants.vhd 2008/09/29.20:07:44 O.61xd
FL D:/Myproject/int_handler.vhd 2008/11/01.21:44:00 O.61xd
FL D:/Myproject/int_rom.vhd 2012/10/21.17:41:00 O.61xd
FL "D:/Myproject/sequencer2 .vhd" 2012/10/24.01:35:27 O.61xd
