V3 49
FL C:/Users/cggauravVB/Documents/CG3207/8051-VHDL/8051_top_fpga.vhd 2012/10/27.15:31:21 O.61xd
EN work/i8051_top 1351323970 \
      FL C:/Users/cggauravVB/Documents/CG3207/8051-VHDL/8051_top_fpga.vhd \
      PB ieee/std_logic_1164 1308643377 PB ieee/std_logic_arith 1308643378 \
      PB ieee/STD_LOGIC_UNSIGNED 1308643379
AR work/i8051_top/Behavioral 1351323971 \
      FL C:/Users/cggauravVB/Documents/CG3207/8051-VHDL/8051_top_fpga.vhd \
      EN work/i8051_top 1351323970 CP sequencer2 CP fastalu CP regfile CP multiplier \
      CP int_rom CP internal_ram CP divider CP int_handler
FL C:/Users/cggauravVB/Documents/CG3207/8051-VHDL/constants.vhd 2012/10/24.02:48:51 O.61xd
PH work/constants 1352020613 \
      FL C:/Users/cggauravVB/Documents/CG3207/8051-VHDL/constants.vhd \
      PB ieee/std_logic_1164 1308643377 PB ieee/std_logic_arith 1308643378
FL C:/Users/cggauravVB/Documents/CG3207/8051-VHDL/csadder.vhd 2012/10/24.02:48:51 O.61xd
EN work/csadder 1351323952 \
      FL C:/Users/cggauravVB/Documents/CG3207/8051-VHDL/csadder.vhd \
      PB ieee/std_logic_1164 1308643377 PB ieee/STD_LOGIC_SIGNED 1308643379
AR work/csadder/csadderBeh 1351323953 \
      FL C:/Users/cggauravVB/Documents/CG3207/8051-VHDL/csadder.vhd \
      EN work/csadder 1351323952
FL C:/Users/cggauravVB/Documents/CG3207/8051-VHDL/divider.vhd 2012/10/24.02:48:51 O.61xd
EN work/divider 1351323966 \
      FL C:/Users/cggauravVB/Documents/CG3207/8051-VHDL/divider.vhd \
      PB ieee/std_logic_1164 1308643377 PB ieee/std_logic_arith 1308643378
AR work/divider/rtl 1351323967 \
      FL C:/Users/cggauravVB/Documents/CG3207/8051-VHDL/divider.vhd \
      EN work/divider 1351323966
FL C:/Users/cggauravVB/Documents/CG3207/8051-VHDL/ext_interrupt.vhd 2012/10/24.02:48:51 O.61xd
EN work/ext_interrupt 1351323950 \
      FL C:/Users/cggauravVB/Documents/CG3207/8051-VHDL/ext_interrupt.vhd \
      PB ieee/std_logic_1164 1308643377 PB ieee/std_logic_arith 1308643378 \
      PB ieee/STD_LOGIC_UNSIGNED 1308643379
AR work/ext_interrupt/Behavioral 1351323951 \
      FL C:/Users/cggauravVB/Documents/CG3207/8051-VHDL/ext_interrupt.vhd \
      EN work/ext_interrupt 1351323950
FL C:/Users/cggauravVB/Documents/CG3207/8051-VHDL/fastalu.vhd 2012/10/24.02:48:51 O.61xd
EN work/fastalu 1351323956 \
      FL C:/Users/cggauravVB/Documents/CG3207/8051-VHDL/fastalu.vhd \
      PB ieee/std_logic_1164 1308643377 PB ieee/std_logic_arith 1308643378 \
      PH work/constants 1352020613
AR work/fastalu/fastalu_arch 1351323957 \
      FL C:/Users/cggauravVB/Documents/CG3207/8051-VHDL/fastalu.vhd \
      EN work/fastalu 1351323956 CP csadder
FL C:/Users/cggauravVB/Documents/CG3207/8051-VHDL/int_handler.vhd 2012/10/24.02:48:51 O.61xd
EN work/int_handler 1351323968 \
      FL C:/Users/cggauravVB/Documents/CG3207/8051-VHDL/int_handler.vhd \
      PB ieee/std_logic_1164 1308643377 PB ieee/std_logic_arith 1308643378 \
      PB ieee/STD_LOGIC_UNSIGNED 1308643379
AR work/int_handler/Behavioral 1351323969 \
      FL C:/Users/cggauravVB/Documents/CG3207/8051-VHDL/int_handler.vhd \
      EN work/int_handler 1351323968
FL C:/Users/cggauravVB/Documents/CG3207/8051-VHDL/int_ram.vhd 2012/10/24.02:48:51 O.61xd
EN work/internal_ram 1351323964 \
      FL C:/Users/cggauravVB/Documents/CG3207/8051-VHDL/int_ram.vhd \
      PB ieee/std_logic_1164 1308643377 PB ieee/std_logic_arith 1308643378 \
      PB ieee/STD_LOGIC_UNSIGNED 1308643379 PH work/constants 1352020613
AR work/internal_ram/syn 1351323965 \
      FL C:/Users/cggauravVB/Documents/CG3207/8051-VHDL/int_ram.vhd \
      EN work/internal_ram 1351323964
FL C:/Users/cggauravVB/Documents/CG3207/8051-VHDL/int_rom.vhd 2012/10/27.15:43:15 O.61xd
EN work/int_rom 1351323962 \
      FL C:/Users/cggauravVB/Documents/CG3207/8051-VHDL/int_rom.vhd \
      PB ieee/std_logic_1164 1308643377 PB ieee/std_logic_arith 1308643378 \
      PB ieee/STD_LOGIC_UNSIGNED 1308643379
AR work/int_rom/Behavioral 1351323963 \
      FL C:/Users/cggauravVB/Documents/CG3207/8051-VHDL/int_rom.vhd \
      EN work/int_rom 1351323962
FL C:/Users/cggauravVB/Documents/CG3207/8051-VHDL/multiplier.vhd 2012/10/24.02:48:51 O.61xd
EN work/multiplier 1351323960 \
      FL C:/Users/cggauravVB/Documents/CG3207/8051-VHDL/multiplier.vhd \
      PB ieee/std_logic_1164 1308643377 PB ieee/std_logic_arith 1308643378
AR work/multiplier/rtl 1351323961 \
      FL C:/Users/cggauravVB/Documents/CG3207/8051-VHDL/multiplier.vhd \
      EN work/multiplier 1351323960
FL C:/Users/cggauravVB/Documents/CG3207/8051-VHDL/regfile.vhd 2012/10/24.02:48:51 O.61xd
EN work/regfile 1351323958 \
      FL C:/Users/cggauravVB/Documents/CG3207/8051-VHDL/regfile.vhd \
      PB ieee/std_logic_1164 1308643377 PB ieee/std_logic_arith 1308643378 \
      PB ieee/STD_LOGIC_UNSIGNED 1308643379 PH work/constants 1352020613
AR work/regfile/regarch 1351323959 \
      FL C:/Users/cggauravVB/Documents/CG3207/8051-VHDL/regfile.vhd \
      EN work/regfile 1351323958 CP ext_interrupt
FL "C:/Users/cggauravVB/Documents/CG3207/8051-VHDL/sequencer2 .vhd" 2012/11/04.17:16:46 O.61xd
EN work/sequencer2 1352020614 \
      FL "C:/Users/cggauravVB/Documents/CG3207/8051-VHDL/sequencer2 .vhd" \
      PB ieee/std_logic_1164 1308643377 PB ieee/STD_LOGIC_UNSIGNED 1308643379 \
      PH work/constants 1352020613
AR work/sequencer2/seq_arch 1352020615 \
      FL "C:/Users/cggauravVB/Documents/CG3207/8051-VHDL/sequencer2 .vhd" \
      EN work/sequencer2 1352020614
FL D:/Myproject/constants.vhd 2008/09/29.20:07:44 O.61xd
FL D:/Myproject/int_handler.vhd 2008/11/01.21:44:00 O.61xd
FL D:/Myproject/int_rom.vhd 2012/10/21.17:41:00 O.61xd
FL "D:/Myproject/sequencer2 .vhd" 2012/10/24.01:35:27 O.61xd
